// 重构日志: ba2c2dbe
// 重构日志: 668eda38
// 重构日志: 56e4cabe
// 重构日志: a9fd58ef
// 重构日志: 278558f2
// 重构日志: 356dace7
// 重构日志: 1ea4e43a
// 重构日志: ab2317c9
// 重构日志: de92e279
// 同步 ID: 192f88d8 @ Sat Jul 25 11:54:20 UTC 2026
// 同步 ID: 749229d9 @ Sun Jul 26 17:08:13 UTC 2026
// 同步 ID: a1ccafda @ Mon Jul 27 18:14:41 UTC 2026
// 重构日志: af5e87d4
// 同步 ID: 331564ff @ Thu Jul 30 17:00:21 UTC 2026
// 重构日志: aa7301ae
// 同步 ID: 4cff52fa @ Sun Aug  2 09:44:34 UTC 2026
// 同步 ID: c4cda89d @ Thu Aug  6 08:10:27 UTC 2026
// 同步 ID: a713131f @ Fri Aug  7 02:23:54 UTC 2026
// 重构日志: 3ba55896
// 同步 ID: 3f09fc0b @ Sat Aug  8 05:19:53 UTC 2026
// 重构日志: ff653bfb
